Copyright 1986-2022 Xilinx, Inc. All Rights Reserved. Copyright 2022-2025 Advanced Micro Devices, Inc. All Rights Reserved.
---------------------------------------------------------------------------------------------------------------------------------------------
| Tool Version : Vivado v.2025.2 (lin64) Build 6299465 Fri Nov 14 12:34:56 MST 2025
| Date         : Mon Sep 14 20:18:05 2026
| Host         : pop-os running 64-bit Pop!_OS 24.04 LTS
| Command      : report_control_sets -verbose -file board_top_control_sets_placed.rpt
| Design       : board_top
| Device       : xc7z020
---------------------------------------------------------------------------------------------------------------------------------------------

Control Set Information

Table of Contents
-----------------
1. Summary
2. Histogram
3. Flip-Flop Distribution
4. Detailed Control Set Information

1. Summary
----------

+----------------------------------------------------------+-------+
|                          Status                          | Count |
+----------------------------------------------------------+-------+
| Total control sets                                       |     8 |
|    Minimum number of control sets                        |     8 |
|    Addition due to synthesis replication                 |     0 |
|    Addition due to physical synthesis replication        |     0 |
| Unused register locations in slices containing registers |    34 |
+----------------------------------------------------------+-------+
* Control sets can be merged at opt_design using control_set_merge or merge_equivalent_drivers
** Run report_qor_suggestions for automated merging and remapping suggestions


2. Histogram
------------

+--------------------+-------+
|       Fanout       | Count |
+--------------------+-------+
| Total control sets |     8 |
| >= 0 to < 4        |     1 |
| >= 4 to < 6        |     3 |
| >= 6 to < 8        |     0 |
| >= 8 to < 10       |     0 |
| >= 10 to < 12      |     3 |
| >= 12 to < 14      |     0 |
| >= 14 to < 16      |     0 |
| >= 16              |     1 |
+--------------------+-------+
* Control sets can be remapped at either synth_design or opt_design


3. Flip-Flop Distribution
-------------------------

+--------------+-----------------------+------------------------+-----------------+--------------+
| Clock Enable | Synchronous Set/Reset | Asynchronous Set/Reset | Total Registers | Total Slices |
+--------------+-----------------------+------------------------+-----------------+--------------+
| No           | No                    | No                     |               0 |            0 |
| No           | No                    | Yes                    |               0 |            0 |
| No           | Yes                   | No                     |              38 |           11 |
| Yes          | No                    | No                     |               0 |            0 |
| Yes          | No                    | Yes                    |               0 |            0 |
| Yes          | Yes                   | No                     |              48 |           14 |
+--------------+-----------------------+------------------------+-----------------+--------------+


4. Detailed Control Set Information
-----------------------------------

+--------------+----------------------------------+------------------+------------------+----------------+--------------+
| Clock Signal |           Enable Signal          | Set/Reset Signal | Slice Load Count | Bel Load Count | Bels / Slice |
+--------------+----------------------------------+------------------+------------------+----------------+--------------+
|  clk         | u_selftest/led_pass_i_1_n_0      | rst_pin_IBUF     |                1 |              3 |         3.00 |
|  clk         | u_selftest/kidx[3]_i_1_n_0       | rst_pin_IBUF     |                1 |              4 |         4.00 |
|  clk         | u_selftest/u_dut/u_win/row[0]    | rst_pin_IBUF     |                2 |              5 |         2.50 |
|  clk         | u_selftest/px_valid_reg_n_0      | rst_pin_IBUF     |                1 |              5 |         5.00 |
|  clk         | u_selftest/u_dut/u_mac/E[0]      | rst_pin_IBUF     |                3 |             10 |         3.33 |
|  clk         | u_selftest/u_dut/u_mac/out_valid | rst_pin_IBUF     |                3 |             10 |         3.33 |
|  clk         | u_selftest/pidx[10]_i_1_n_0      | rst_pin_IBUF     |                3 |             11 |         3.67 |
|  clk         |                                  | rst_pin_IBUF     |               11 |             38 |         3.45 |
+--------------+----------------------------------+------------------+------------------+----------------+--------------+


